2026-09-27T18:20:06.592658200+03:00  INFO theseus_gui: Initialized tracing subscriber. Loading Modrinth App!
2026-09-27T18:20:06.592996500+03:00  INFO theseus_gui: Initializing app...
2026-09-27T18:20:09.005056600+03:00  INFO initialize_state: theseus_gui: Initializing app event state...
2026-09-27T18:20:09.005311200+03:00  INFO initialize_state: theseus_gui: Initializing app state...
2026-09-27T18:20:09.005419900+03:00  INFO initialize_state:initialize_state{app_identifier="ModrinthApp"}: theseus::state: Connecting to app database
2026-09-27T18:20:09.133122900+03:00  INFO initialize_state:initialize_state{app_identifier="ModrinthApp"}: theseus::state: Fetching app settings
2026-09-27T18:20:09.133915300+03:00  INFO initialize_state:initialize_state{app_identifier="ModrinthApp"}: theseus::state: Initializing directories
2026-09-27T18:20:09.137635700+03:00  INFO initialize_state:initialize_state{app_identifier="ModrinthApp"}: theseus::state: Initializing file watcher
2026-09-27T18:20:09.137898400+03:00  INFO init_watcher: theseus::state::instances::watcher: Initing watcher
2026-09-27T18:20:09.285964200+03:00  INFO theseus_gui::api::utils: opening command None
2026-09-27T18:20:09.481251400+03:00  INFO theseus::state::settings: Migrating settings version 1 to 3
2026-09-27T18:26:34.029479900+03:00  INFO create{name="Asgard Expansion" game_version="1.20.1" modloader=Forge loader_version=Some("47.4.20") icon_path=Some("C:\\Users\\Vladi\\AppData\\Roaming\\ModrinthApp\\caches\\icons\\b8fe4a72da7929dc0e9264e169ce1edbf4b336dd.png") icon_config=Some(InstanceIconConfig { background: LinearTopDownGradient { top_color: "#0B9F21", bottom_color: "#4FD24B" }, symbol: "couch" }) link=Unmanaged}: theseus::state::instances::commands::create_instance: Creating instance at path C:\Users\Vladi\AppData\Roaming\ModrinthApp\profiles\Asgard Expansion
2026-09-27T18:26:34.592985300+03:00  INFO download_version_info{version="1.20.1" loader=Some(LoaderVersion { id: "47.4.20", url: "https://launcher-meta.modrinth.com/forge/v0/versions/47.4.20.json", stable: false })}: theseus::launcher::download: Downloading version info for version 1.20.1 from https://launcher-meta.modrinth.com/minecraft/v0/versions/1.20.1.json
2026-09-27T18:26:52.488523+03:00  INFO download_minecraft{loading_bar=None java_arch="amd64" force=false minecraft_updated=true phase_details=Minecraft { game_version: "1.20.1", loader: Forge }}: theseus::launcher::download: Downloading Minecraft version 1.20.1-47.4.20
2026-09-27T18:26:52.832804100+03:00  INFO download_minecraft{loading_bar=None java_arch="amd64" force=false minecraft_updated=true phase_details=Minecraft { game_version: "1.20.1", loader: Forge }}:download_assets_index: theseus::launcher::download: Fetched assets index
2026-09-27T18:30:56.263243800+03:00  INFO download_minecraft{loading_bar=None java_arch="amd64" force=false minecraft_updated=true phase_details=Minecraft { game_version: "1.20.1", loader: Forge }}: theseus::launcher::download: Done downloading Minecraft!
2026-09-27T18:31:19.911496700+03:00  WARN index_installed_sources: theseus::api::instance::synced_options::game_options::locales: Game setting locales: options file read failed error=I/O error: Не удается найти указанный файл. (os error 2), path: C:\Users\Vladi\AppData\Roaming\ModrinthApp\profiles\Asgard Expansion\options.txt instance_id="local:f4737b27-23b5-477e-8b99-67955ce6046d"
2026-09-27T18:34:41.139909+03:00  WARN theseus_gui::api::ads: Attempted to release an ads window hold when none were active
2026-09-27T19:48:25.960325400+03:00  WARN theseus_gui::api::ads: Attempted to release an ads window hold when none were active
2026-09-27T19:48:52.610452600+03:00  INFO create{name="вавс" game_version="1.20.1" modloader=Forge loader_version=Some("47.4.20") icon_path=Some("C:\\Users\\Vladi\\AppData\\Roaming\\ModrinthApp\\caches\\icons\\16a963692e3063ff0442c7320768f39aa9553e87.png") icon_config=Some(InstanceIconConfig { background: LinearTopDownGradient { top_color: "#AEAEAE", bottom_color: "#D9D9D9" }, symbol: "creeper" }) link=Unmanaged}: theseus::state::instances::commands::create_instance: Creating instance at path C:\Users\Vladi\AppData\Roaming\ModrinthApp\profiles\вавс
2026-09-27T19:48:52.887601200+03:00  INFO download_minecraft{loading_bar=None java_arch="amd64" force=false minecraft_updated=true phase_details=Minecraft { game_version: "1.20.1", loader: Forge }}: theseus::launcher::download: Downloading Minecraft version 1.20.1-47.4.20
2026-09-27T19:48:53.150716700+03:00  INFO download_minecraft{loading_bar=None java_arch="amd64" force=false minecraft_updated=true phase_details=Minecraft { game_version: "1.20.1", loader: Forge }}: theseus::launcher::download: Done downloading Minecraft!
2026-09-27T19:49:14.354235500+03:00  WARN index_installed_sources: theseus::api::instance::synced_options::game_options::locales: Game setting locales: options file read failed error=I/O error: Не удается найти указанный файл. (os error 2), path: C:\Users\Vladi\AppData\Roaming\ModrinthApp\profiles\вавс\options.txt instance_id="local:ac6505f6-f445-4ab8-a2d7-240a92061ee2"
2026-09-27T19:49:14.354383900+03:00  WARN index_installed_sources: theseus::api::instance::synced_options::game_options::locales: Game setting locales: options file read failed error=I/O error: Не удается найти указанный файл. (os error 2), path: C:\Users\Vladi\AppData\Roaming\ModrinthApp\profiles\Asgard Expansion\options.txt instance_id="local:f4737b27-23b5-477e-8b99-67955ce6046d"
2026-09-27T19:51:03.231065300+03:00  INFO create{name="ф" game_version="1.20.1" modloader=Forge loader_version=Some("47.4.20") icon_path=Some("C:\\Users\\Vladi\\AppData\\Roaming\\ModrinthApp\\caches\\icons\\9726b16b68b0fa8768f3bba5bb35beec24f94991.png") icon_config=Some(InstanceIconConfig { background: LinearTopDownGradient { top_color: "#FFC629", bottom_color: "#FFEE53" }, symbol: "couch" }) link=Unmanaged}: theseus::state::instances::commands::create_instance: Creating instance at path C:\Users\Vladi\AppData\Roaming\ModrinthApp\profiles\ф
2026-09-27T19:51:03.531660500+03:00  INFO download_minecraft{loading_bar=None java_arch="amd64" force=false minecraft_updated=true phase_details=Minecraft { game_version: "1.20.1", loader: Forge }}: theseus::launcher::download: Downloading Minecraft version 1.20.1-47.4.20
2026-09-27T19:51:03.776182800+03:00  INFO download_minecraft{loading_bar=None java_arch="amd64" force=false minecraft_updated=true phase_details=Minecraft { game_version: "1.20.1", loader: Forge }}: theseus::launcher::download: Done downloading Minecraft!
2026-09-27T19:51:25.726929900+03:00  WARN index_installed_sources: theseus::api::instance::synced_options::game_options::locales: Game setting locales: options file read failed error=I/O error: Не удается найти указанный файл. (os error 2), path: C:\Users\Vladi\AppData\Roaming\ModrinthApp\profiles\ф\options.txt instance_id="local:69abe89f-df8e-45aa-a0a3-82189301c7c5"
2026-09-27T19:51:25.727122600+03:00  WARN index_installed_sources: theseus::api::instance::synced_options::game_options::locales: Game setting locales: options file read failed error=I/O error: Не удается найти указанный файл. (os error 2), path: C:\Users\Vladi\AppData\Roaming\ModrinthApp\profiles\вавс\options.txt instance_id="local:ac6505f6-f445-4ab8-a2d7-240a92061ee2"
2026-09-27T19:51:25.727233800+03:00  WARN index_installed_sources: theseus::api::instance::synced_options::game_options::locales: Game setting locales: options file read failed error=I/O error: Не удается найти указанный файл. (os error 2), path: C:\Users\Vladi\AppData\Roaming\ModrinthApp\profiles\Asgard Expansion\options.txt instance_id="local:f4737b27-23b5-477e-8b99-67955ce6046d"
2026-09-27T19:51:50.672547400+03:00 ERROR theseus::state::instances::watcher: Failed to reconcile hotbar.nbt after filesystem change: Invalid input: Unknown instance
2026-09-27T19:51:50.672837800+03:00 ERROR theseus::state::instances::watcher: Failed to reconcile servers.dat after filesystem change: Invalid input: Unknown instance
2026-09-27T19:51:54.517350200+03:00 ERROR theseus::state::instances::watcher: Failed to reconcile hotbar.nbt after filesystem change: Invalid input: Unknown instance
2026-09-27T19:51:54.517642300+03:00 ERROR theseus::state::instances::watcher: Failed to reconcile servers.dat after filesystem change: Invalid input: Unknown instance
2026-09-27T19:51:57.365812200+03:00 ERROR theseus::state::instances::watcher: Failed to reconcile hotbar.nbt after filesystem change: Invalid input: Unknown instance
2026-09-27T19:51:57.381004100+03:00 ERROR theseus::state::instances::watcher: Failed to reconcile servers.dat after filesystem change: Invalid input: Unknown instance
2026-09-27T19:52:33.947911700+03:00  WARN theseus_gui::api::oauth_utils::auth_code_reply: Failed to handle auth code reply: read header from client timeout
2026-09-27T19:52:38.015385+03:00  INFO authenticate_finish_flow{code="mra_8z4LgbFDorS6X24TuG3Dr7VRB2ra8yNclWhQ29YMtPAT48pCjpwSAkaTJ1iH"}:connect: theseus::state::friends: Connected to friends socket
2026-09-27T19:52:56.529256100+03:00  INFO create{name="в" game_version="1.20.1" modloader=Forge loader_version=Some("47.4.20") icon_path=Some("C:\\Users\\Vladi\\AppData\\Roaming\\ModrinthApp\\caches\\icons\\fe95fe980c6ad2fe4b969bdba86dc382460eecec.png") icon_config=Some(InstanceIconConfig { background: LinearTopDownGradient { top_color: "#0B9F21", bottom_color: "#4FD24B" }, symbol: "tiny_potato" }) link=Unmanaged}: theseus::state::instances::commands::create_instance: Creating instance at path C:\Users\Vladi\AppData\Roaming\ModrinthApp\profiles\в
2026-09-27T19:52:56.817459+03:00  INFO download_minecraft{loading_bar=None java_arch="amd64" force=false minecraft_updated=true phase_details=Minecraft { game_version: "1.20.1", loader: Forge }}: theseus::launcher::download: Downloading Minecraft version 1.20.1-47.4.20
2026-09-27T19:52:57.063432900+03:00  INFO download_minecraft{loading_bar=None java_arch="amd64" force=false minecraft_updated=true phase_details=Minecraft { game_version: "1.20.1", loader: Forge }}: theseus::launcher::download: Done downloading Minecraft!
2026-09-27T19:53:24.725994300+03:00  WARN index_installed_sources: theseus::api::instance::synced_options::game_options::locales: Game setting locales: options file read failed error=I/O error: Не удается найти указанный файл. (os error 2), path: C:\Users\Vladi\AppData\Roaming\ModrinthApp\profiles\в\options.txt instance_id="local:8e5ce97f-850a-46a7-80cb-288fdfcd6e8a"
2026-09-27T19:53:45.845956500+03:00 ERROR theseus::state::instances::watcher: Failed to reconcile servers.dat after filesystem change: Invalid input: Unknown instance
2026-09-27T19:53:45.846313500+03:00 ERROR theseus::state::instances::watcher: Failed to reconcile hotbar.nbt after filesystem change: Invalid input: Unknown instance
2026-09-27T19:55:10.998499300+03:00  INFO create{name="New instance (1)" game_version="1.20.1" modloader=Forge loader_version=Some("latest") icon_path=Some("C:\\Users\\Vladi\\AppData\\Roaming\\ModrinthApp\\caches\\icons\\2b8ef2d3173e4dcfebc669d384f246f8b1d7a157.png") icon_config=None link=Unmanaged}: theseus::state::instances::commands::create_instance: Creating instance at path C:\Users\Vladi\AppData\Roaming\ModrinthApp\profiles\New instance (1)
2026-09-27T19:55:11.226519200+03:00  WARN theseus_gui::api::ads: Attempted to release an ads window hold when none were active
2026-09-27T19:55:11.251881800+03:00  INFO download_minecraft{loading_bar=None java_arch="amd64" force=false minecraft_updated=true phase_details=Minecraft { game_version: "1.20.1", loader: Forge }}: theseus::launcher::download: Downloading Minecraft version 1.20.1-47.4.20
2026-09-27T19:55:11.492262100+03:00  INFO download_minecraft{loading_bar=None java_arch="amd64" force=false minecraft_updated=true phase_details=Minecraft { game_version: "1.20.1", loader: Forge }}: theseus::launcher::download: Done downloading Minecraft!
2026-09-27T19:55:32.906455+03:00  WARN index_installed_sources: theseus::api::instance::synced_options::game_options::locales: Game setting locales: options file read failed error=I/O error: Не удается найти указанный файл. (os error 2), path: C:\Users\Vladi\AppData\Roaming\ModrinthApp\profiles\New instance (1)\options.txt instance_id="local:6e8cd790-f8be-4df0-8c1c-c1f1b08cf3c6"
2026-09-27T20:09:33.800204200+03:00 ERROR theseus::state::friends: Error handling message from websocket server: Io(Os { code: 10054, kind: ConnectionReset, message: "Удаленный хост принудительно разорвал существующее подключение." })
2026-09-27T20:09:35.397329100+03:00  INFO connect: theseus::state::friends: Connected to friends socket
2026-09-27T20:17:12.720728800+03:00 ERROR theseus::state::friends: Error handling message from websocket server: Io(Os { code: 10054, kind: ConnectionReset, message: "Удаленный хост принудительно разорвал существующее подключение." })
2026-09-27T20:17:14.052731400+03:00 ERROR connect: theseus::state::friends: Error connecting to friends socket: Io(Os { code: 11001, kind: Uncategorized, message: "Этот хост неизвестен." })
2026-09-27T20:48:32.403963400+03:00  INFO connect: theseus::state::friends: Connected to friends socket
2026-09-27T21:01:31.849153200+03:00 ERROR theseus::state::friends: Error handling message from websocket server: Io(Os { code: 10054, kind: ConnectionReset, message: "Удаленный хост принудительно разорвал существующее подключение." })
2026-09-27T21:01:32.861292900+03:00 ERROR connect: theseus::state::friends: Error connecting to friends socket: Io(Os { code: 11001, kind: Uncategorized, message: "Этот хост неизвестен." })
2026-09-27T21:05:59.621980+03:00  INFO connect: theseus::state::friends: Connected to friends socket
2026-09-27T21:21:35.381340300+03:00 ERROR theseus::state::friends: Error handling message from websocket server: Io(Os { code: 10054, kind: ConnectionReset, message: "Удаленный хост принудительно разорвал существующее подключение." })
2026-09-27T21:21:36.403075600+03:00 ERROR connect: theseus::state::friends: Error connecting to friends socket: Io(Os { code: 11001, kind: Uncategorized, message: "Этот хост неизвестен." })
2026-09-27T22:38:57.661577700+03:00  INFO connect: theseus::state::friends: Connected to friends socket
2026-09-27T23:43:24.773907700+03:00 ERROR theseus::state::friends: Error handling message from websocket server: Io(Os { code: 10054, kind: ConnectionReset, message: "Удаленный хост принудительно разорвал существующее подключение." })
2026-09-27T23:43:27.695962500+03:00  INFO connect: theseus::state::friends: Connected to friends socket
